Drill report for MiniOSC-handscore.kicad_pcb
Created on 2023-12-08 22:38:14

Copper Layer Stackup:
    =============================================================
    L1 :  F.Cu                      front
    L2 :  B.Cu                      back


Drill file 'MiniOSC-handscore-PTH.drl' contains
    plated through holes:
    =============================================================
    T1  0,400mm  0,0157"  (315 holes)
    T2  0,750mm  0,0295"  (6 holes)
    T3  0,800mm  0,0315"  (95 holes)
    T4  0,900mm  0,0354"  (2 holes)
    T5  0,950mm  0,0374"  (6 holes)
    T6  1,000mm  0,0394"  (221 holes)
    T7  1,100mm  0,0433"  (8 holes)  (with 8 slots)
    T8  1,220mm  0,0480"  (4 holes)
    T9  1,420mm  0,0559"  (4 holes)
    T10  1,430mm  0,0563"  (4 holes)
    T11  3,200mm  0,1260"  (2 holes)  (with 2 slots)

    Total plated holes count 667


Drill file 'MiniOSC-handscore-NPTH.drl' contains
    unplated through holes:
    =============================================================
    T1  3,200mm  0,1260"  (2 holes)

    Total unplated holes count 2
